// Jest Snapshot v1, https://goo.gl/fbAQLP

exports[`DisplayContent renders with all required prop types 1`] = `
<div>
  Content
</div>
`;
