// Jest Snapshot v1, https://goo.gl/fbAQLP

exports[`Loader renders with all required prop types 1`] = `
<Container>
  <Indicator>
    Loading
  </Indicator>
</Container>
`;
